ASxxxx Linker V03.00 + NoICE + sdld,  page 1.
Hexadecimal  [32-Bits]

Area                                    Addr        Size        Decimal Bytes (Attributes)
--------------------------------        ----        ----        ------- ----- ------------
.  .ABS.                            00000000    00000000 =           0. bytes (ABS,CON)

      Value  Global                              Global Defined In Module
      -----  --------------------------------   ------------------------
     00000000  .__.ABS.                           
     00000000  l__CABS                         
     00000000  l__DABS                         
     00000000  l__GSFINAL                      
     00000000  l__GSINIT                       
     00000000  l__HOME                         
     00000000  s__CABS                         
     00000000  s__DABS                         
     00000004  l__INITIALIZED                  
     00000004  l__INITIALIZER                  
     0000025A  l__DATA                         
     00001C5A  l__CODE                         
     00004000  s__CODE                         
     00005C5A  s__DATA                         
     00005EB4  s__INITIALIZED                  
     00005EB8  s__GSFINAL                      
     00005EB8  s__GSINIT                       
     00005EB8  s__HOME                         
     00005EB8  s__INITIALIZER                  

ASxxxx Linker V03.00 + NoICE + sdld,  page 2.
Hexadecimal  [32-Bits]

Area                                    Addr        Size        Decimal Bytes (Attributes)
--------------------------------        ----        ----        ------- ----- ------------
_CODE                               00004000    00001C5A =        7258. bytes (REL,CON)

      Value  Global                              Global Defined In Module
      -----  --------------------------------   ------------------------
     00004000  _MapCreate                         game_map
     0000404F  _MapIsBlocked                      game_map
     00004072  _MapDraw                           game_map
     00004105  _ShowLogo                          logo
     000043E3  _HandleKeyboard                    input_handler
     00004456  _locate                            conio
     00004477  _ink                               conio
     000044A4  _paper                             conio
     000044B9  _pen                               conio
     000044CE  _PrintAt                           conio
     00004519  _PrintU8                           conio
     00004554  _BlackScreen                       conio
     000045A1  _EntityInit                        entity
     0000466C  _EntityDraw                        entity
     000046CF  _EntityMove                        entity
     00004700  _EntityCalculateDamage             entity
     00004739  _EntityTakeDamage                  entity
     000047CE  _EntityAttack                      entity
     00004837  _GetBlockingEntity                 entity
     00004889  _EntityDrawEntities                entity
     000048E6  _manh_distance_to                  fast_math
     00004916  _InitColors                        main
     00004963  _main                              main
     00004A0C  _DrawSingleChars                   user_interface
     00004A91  _hud                               user_interface
     00004B0B  __DrawLine                         user_interface
     00004B68  __DrawLines                        user_interface
     00004C47  _DrawHUD                           user_interface
     00004C6D  _DisplayLoading                    user_interface
     00004C98  _ClearStatus                       user_interface
     00004CF0  _PrintStats                        user_interface
     00004E60  _DrawLine                          user_interface
     00004E9A  _TraceLine                         fov
     00004F46  _cpct_isKeyPressed                 cpct_keyboard
     00004F46  cpct_isKeyPressed_asm              cpct_keyboard
     00004F52  _putchar                           cpct_strings
     00004F52  _putchar_rr_s                      cpct_strings
     00004F5B  _putchar_rr_dbs                    cpct_strings
     00004F60  _cpct_keyboardStatusBuffer         cpct_keyboard
     00004F8A  _vsprintf                          sprintf
     00004FBF  _sprintf                           sprintf
     00004FF4  _cpct_setVideoMode                 cpct_video
     00005002  _cpct_getRandom_mxor_u8            cpct_random
     00005002  cpct_getRandom_mxor_u8_asm         cpct_random
     00005003  cpct_randomIdx_mxor_u8             cpct_random
     00005027  _cpct_mode_rom_status              cpct_firmware
     00005028  _cpct_scanKeyboard                 cpct_keyboard
     00005028  cpct_scanKeyboard_asm              cpct_keyboard
     00005059  __divsint                          
     00005062  __divschar                         
ASxxxx Linker V03.00 + NoICE + sdld,  page 3.
Hexadecimal  [32-Bits]

Area                                    Addr        Size        Decimal Bytes (Attributes)
--------------------------------        ----        ----        ------- ----- ------------
_CODE                               00004000    00001C5A =        7258. bytes (REL,CON)

      Value  Global                              Global Defined In Module
      -----  --------------------------------   ------------------------
     00005069  __div8                             
     0000506D  __div_signexte                     
     00005071  __div16                            
     00005097  __get_remainder                    
     000050A1  _cpct_mxor32_seed                  cpct_random
     000051A4  __print_format                     printf_large
     00005BE6  __divuint                          
     00005BEE  __divuchar                         
     00005BF5  __divu8                            
     00005BF8  __divu16                           
     00005C27  _cpct_nextRandom_mxor_u32          cpct_random
     00005C27  cpct_nextRandom_mxor_u32_asm       cpct_random
     00005C4A  ___sdcc_call_hl                    
     00005C4B  _strlen                            

ASxxxx Linker V03.00 + NoICE + sdld,  page 4.
Hexadecimal  [32-Bits]

Area                                    Addr        Size        Decimal Bytes (Attributes)
--------------------------------        ----        ----        ------- ----- ------------
_DATA                               00005C5A    0000025A =         602. bytes (REL,CON)

      Value  Global                              Global Defined In Module
      -----  --------------------------------   ------------------------
     00005C5A  _game_map                          game_map
     00005E54  _player                            main
     00005E75  _enemy                             main
     00005E96  _dirty                             main
     00005E9B  _entities                          main
     00005EA5  _state                             main
     00005EA6  _dx                                main
     00005EA7  _dy                                main
     00005EA8  _edx                               main
     00005EB2  _new_x                             main
     00005EB3  _new_y                             main

ASxxxx Linker V03.00 + NoICE + sdld,  page 5.
Hexadecimal  [32-Bits]

Area                                    Addr        Size        Decimal Bytes (Attributes)
--------------------------------        ----        ----        ------- ----- ------------
_INITIALIZED                        00005EB4    00000004 =           4. bytes (REL,CON)

      Value  Global                              Global Defined In Module
      -----  --------------------------------   ------------------------
     00005EB4  _action                            main
     00005EB5  _target                            main
     00005EB7  _edy                               main
ASxxxx Linker V03.00 + NoICE + sdld,  page 6.
Hexadecimal  [32-Bits]

Area                                    Addr        Size        Decimal Bytes (Attributes)
--------------------------------        ----        ----        ------- ----- ------------
_INITIALIZER                        00005EB8    00000004 =           4. bytes (REL,CON)

      Value  Global                              Global Defined In Module
      -----  --------------------------------   ------------------------
ASxxxx Linker V03.00 + NoICE + sdld,  page 7.

Files Linked                              [ module(s) ]

obj/game_map.rel                          [ game_map ]
obj/logo.rel                              [ logo ]
obj/input_handler.rel                     [ input_handler ]
obj/conio.rel                             [ conio ]
obj/entity.rel                            [ entity ]
obj/fast_math.rel                         [ fast_math ]
obj/main.rel                              [ main ]
obj/user_interface.rel                    [ user_interface ]
obj/fov.rel                               [ fov ]


Libraries Linked                          [ object file ]

/home/andriu/.local/cpctelera/cpctelera/cpctelera.lib
                                          [ cpct_isKeyPressed.rel ]
/home/andriu/.local/cpctelera/cpctelera/cpctelera.lib
                                          [ cpct_putChar.rel ]
/home/andriu/.local/cpctelera/cpctelera/cpctelera.lib
                                          [ keyboard.rel ]
/home/andriu/.local/cpctelera/cpctelera/tools/sdcc-3.6.8-r9946/bin/../share/sdcc/lib/z80/z80.lib
                                          [ sprintf.rel ]
/home/andriu/.local/cpctelera/cpctelera/cpctelera.lib
                                          [ cpct_setVideoMode_cbindings.rel ]
/home/andriu/.local/cpctelera/cpctelera/cpctelera.lib
                                          [ cpct_getRandom_mxor_u8.rel ]
/home/andriu/.local/cpctelera/cpctelera/cpctelera.lib
                                          [ cpc_mode_rom_status.rel ]
/home/andriu/.local/cpctelera/cpctelera/cpctelera.lib
                                          [ cpct_scanKeyboard.rel ]
/home/andriu/.local/cpctelera/cpctelera/tools/sdcc-3.6.8-r9946/bin/../share/sdcc/lib/z80/z80.lib
                                          [ divsigned.rel ]
/home/andriu/.local/cpctelera/cpctelera/cpctelera.lib
                                          [ cpct_mxor32_seed.rel ]
/home/andriu/.local/cpctelera/cpctelera/tools/sdcc-3.6.8-r9946/bin/../share/sdcc/lib/z80/z80.lib
                                          [ printf_large.rel ]
/home/andriu/.local/cpctelera/cpctelera/tools/sdcc-3.6.8-r9946/bin/../share/sdcc/lib/z80/z80.lib
                                          [ divunsigned.rel ]
/home/andriu/.local/cpctelera/cpctelera/cpctelera.lib
                                          [ cpct_nextRandom_mxor_u32.rel ]
/home/andriu/.local/cpctelera/cpctelera/tools/sdcc-3.6.8-r9946/bin/../share/sdcc/lib/z80/z80.lib
                                          [ __sdcc_call_hl.rel ]
/home/andriu/.local/cpctelera/cpctelera/tools/sdcc-3.6.8-r9946/bin/../share/sdcc/lib/z80/z80.lib
                                          [ strlen.rel ]

ASxxxx Linker V03.00 + NoICE + sdld,  page 8.

User Base Address Definitions

_CODE = 0x4000
_DATA = 0x0000

