ASxxxx Linker V03.00 + NoICE + sdld,  page 1.
Hexadecimal  [32-Bits]

Area                                    Addr        Size        Decimal Bytes (Attributes)
--------------------------------        ----        ----        ------- ----- ------------
.  .ABS.                            00000000    00000000 =           0. bytes (ABS,CON)

      Value  Global                              Global Defined In Module
      -----  --------------------------------   ------------------------
     00000000  .__.ABS.                           
     00000000  l__CABS                         
     00000000  l__DABS                         
     00000000  l__DATA                         
     00000000  l__GSFINAL                      
     00000000  l__GSINIT                       
     00000000  l__HOME                         
     00000000  l__INITIALIZED                  
     00000000  l__INITIALIZER                  
     00000000  s__CABS                         
     00000000  s__DABS                         
     00000F46  l__CODE                         
     00004000  s__CODE                         
     00004F46  s__DATA                         
     00004F46  s__GSFINAL                      
     00004F46  s__GSINIT                       
     00004F46  s__HOME                         
     00004F46  s__INITIALIZED                  
     00004F46  s__INITIALIZER                  

ASxxxx Linker V03.00 + NoICE + sdld,  page 2.
Hexadecimal  [32-Bits]

Area                                    Addr        Size        Decimal Bytes (Attributes)
--------------------------------        ----        ----        ------- ----- ------------
_CODE                               00004000    00000F46 =        3910. bytes (REL,CON)

      Value  Global                              Global Defined In Module
      -----  --------------------------------   ------------------------
     00004000  _locate                            main
     00004021  _ink                               main
     0000404E  _border                            main
     0000406F  _paper                             main
     00004084  _pen                               main
     00004099  _main                              main
     0000438E  _putchar                           cpct_strings
     0000438E  _putchar_rr_s                      cpct_strings
     00004397  _putchar_rr_dbs                    cpct_strings
     0000439C  _cpct_setVideoMode                 cpct_video
     000043B7  _vprintf                           vprintf
     000043D7  _printf                            vprintf
     000043F4  _cpct_mode_rom_status              cpct_firmware
     000044F4  __print_format                     printf_large
     00004F36  ___sdcc_call_hl                    
     00004F37  _strlen                            

ASxxxx Linker V03.00 + NoICE + sdld,  page 3.

Files Linked                              [ module(s) ]

obj/main.rel                              [ main ]


Libraries Linked                          [ object file ]

/home/andriu/.local/cpctelera/cpctelera/cpctelera.lib
                                          [ cpct_putChar.rel ]
/home/andriu/.local/cpctelera/cpctelera/cpctelera.lib
                                          [ cpct_setVideoMode_cbindings.rel ]
/home/andriu/.local/cpctelera/cpctelera/tools/sdcc-3.6.8-r9946/bin/../share/sdcc/lib/z80/z80.lib
                                          [ vprintf.rel ]
/home/andriu/.local/cpctelera/cpctelera/cpctelera.lib
                                          [ cpc_mode_rom_status.rel ]
/home/andriu/.local/cpctelera/cpctelera/tools/sdcc-3.6.8-r9946/bin/../share/sdcc/lib/z80/z80.lib
                                          [ printf_large.rel ]
/home/andriu/.local/cpctelera/cpctelera/tools/sdcc-3.6.8-r9946/bin/../share/sdcc/lib/z80/z80.lib
                                          [ __sdcc_call_hl.rel ]
/home/andriu/.local/cpctelera/cpctelera/tools/sdcc-3.6.8-r9946/bin/../share/sdcc/lib/z80/z80.lib
                                          [ strlen.rel ]

ASxxxx Linker V03.00 + NoICE + sdld,  page 4.

User Base Address Definitions

_CODE = 0x4000
_DATA = 0x0000

