ASxxxx Linker V03.00 + NoICE + sdld,  page 1.
Hexadecimal  [32-Bits]

Area                                    Addr        Size        Decimal Bytes (Attributes)
--------------------------------        ----        ----        ------- ----- ------------
.  .ABS.                            00000000    00000000 =           0. bytes (ABS,CON)

      Value  Global                              Global Defined In Module
      -----  --------------------------------   ------------------------
     00000000  .__.ABS.                           
     00000000  l__CABS                         
     00000000  l__DABS                         
     00000000  l__DATA                         
     00000000  l__GSFINAL                      
     00000000  l__GSINIT                       
     00000000  l__INITIALIZED                  
     00000000  l__INITIALIZER                  
     00000000  s__CABS                         
     00000000  s__DABS                         
     00000AE0  l__HOME                         
     000012A7  l__CODE                         
     00004000  s__CODE                         
     000052A7  s__DATA                         
     000052A7  s__HOME                         
     000052A7  s__INITIALIZED                  
     00005D87  s__GSFINAL                      
     00005D87  s__GSINIT                       
     00005D87  s__INITIALIZER                  

ASxxxx Linker V03.00 + NoICE + sdld,  page 2.
Hexadecimal  [32-Bits]

Area                                    Addr        Size        Decimal Bytes (Attributes)
--------------------------------        ----        ----        ------- ----- ------------
_CODE                               00004000    000012A7 =        4775. bytes (REL,CON)

      Value  Global                              Global Defined In Module
      -----  --------------------------------   ------------------------
     00004000  _locate                            main
     00004021  _ink                               main
     0000404E  _border                            main
     0000406F  _paper                             main
     00004084  _pen                               main
     00004099  _cls                               main
     000040A2  _InitializeCharacter               main
     000041B3  _PrintCharacterStats               main
     000042FD  _main                              main
     0000468E  _cpct_isKeyPressed                 cpct_keyboard
     0000468E  cpct_isKeyPressed_asm              cpct_keyboard
     0000469A  _putchar                           cpct_strings
     0000469A  _putchar_rr_s                      cpct_strings
     000046A3  _putchar_rr_dbs                    cpct_strings
     000046A8  _cpct_keyboardStatusBuffer         cpct_keyboard
     000046B2  _cpct_setVideoMode                 cpct_video
     000046CD  _vprintf                           vprintf
     000046ED  _printf                            vprintf
     0000470A  _cpct_mode_rom_status              cpct_firmware
     0000470B  _cpct_scanKeyboard                 cpct_keyboard
     0000470B  cpct_scanKeyboard_asm              cpct_keyboard
     0000483B  __print_format                     printf_large
     0000527D  __mulint                           
     00005283  __mul16                            
     00005297  ___sdcc_call_hl                    
     00005298  _strlen                            

ASxxxx Linker V03.00 + NoICE + sdld,  page 3.
Hexadecimal  [32-Bits]

Area                                    Addr        Size        Decimal Bytes (Attributes)
--------------------------------        ----        ----        ------- ----- ------------
_HOME                               000052A7    00000AE0 =        2784. bytes (REL,CON)

      Value  Global                              Global Defined In Module
      -----  --------------------------------   ------------------------
     000052A7  ___fsmul                           _fsmul
     0000560C  ___fsadd                           _fsadd
     000059D5  ___sint2fs                         _sint2fs
     000059F0  ___fs2uint                         _fs2uint
     00005A1F  ___uchar2fs                        _uchar2fs
     00005A31  __mullong                          _mullong
     00005BAD  ___slong2fs                        _slong2fs
     00005BF5  ___ulong2fs                        _ulong2fs
     00005CD5  ___fs2ulong                        _fs2ulong
ASxxxx Linker V03.00 + NoICE + sdld,  page 4.

Files Linked                              [ module(s) ]

obj/main.rel                              [ main ]


Libraries Linked                          [ object file ]

/home/andriu/.local/cpctelera/cpctelera/cpctelera.lib
                                          [ cpct_isKeyPressed.rel ]
/home/andriu/.local/cpctelera/cpctelera/tools/sdcc-3.6.8-r9946/bin/../share/sdcc/lib/z80/z80.lib
                                          [ _fsmul.rel ]
/home/andriu/.local/cpctelera/cpctelera/cpctelera.lib
                                          [ cpct_putChar.rel ]
/home/andriu/.local/cpctelera/cpctelera/cpctelera.lib
                                          [ keyboard.rel ]
/home/andriu/.local/cpctelera/cpctelera/tools/sdcc-3.6.8-r9946/bin/../share/sdcc/lib/z80/z80.lib
                                          [ _fsadd.rel ]
/home/andriu/.local/cpctelera/cpctelera/tools/sdcc-3.6.8-r9946/bin/../share/sdcc/lib/z80/z80.lib
                                          [ _sint2fs.rel ]
/home/andriu/.local/cpctelera/cpctelera/tools/sdcc-3.6.8-r9946/bin/../share/sdcc/lib/z80/z80.lib
                                          [ _fs2uint.rel ]
/home/andriu/.local/cpctelera/cpctelera/cpctelera.lib
                                          [ cpct_setVideoMode_cbindings.rel ]
/home/andriu/.local/cpctelera/cpctelera/tools/sdcc-3.6.8-r9946/bin/../share/sdcc/lib/z80/z80.lib
                                          [ vprintf.rel ]
/home/andriu/.local/cpctelera/cpctelera/tools/sdcc-3.6.8-r9946/bin/../share/sdcc/lib/z80/z80.lib
                                          [ _uchar2fs.rel ]
/home/andriu/.local/cpctelera/cpctelera/tools/sdcc-3.6.8-r9946/bin/../share/sdcc/lib/z80/z80.lib
                                          [ _mullong.rel ]
/home/andriu/.local/cpctelera/cpctelera/cpctelera.lib
                                          [ cpc_mode_rom_status.rel ]
/home/andriu/.local/cpctelera/cpctelera/cpctelera.lib
                                          [ cpct_scanKeyboard.rel ]
/home/andriu/.local/cpctelera/cpctelera/tools/sdcc-3.6.8-r9946/bin/../share/sdcc/lib/z80/z80.lib
                                          [ _slong2fs.rel ]
/home/andriu/.local/cpctelera/cpctelera/tools/sdcc-3.6.8-r9946/bin/../share/sdcc/lib/z80/z80.lib
                                          [ _ulong2fs.rel ]
/home/andriu/.local/cpctelera/cpctelera/tools/sdcc-3.6.8-r9946/bin/../share/sdcc/lib/z80/z80.lib
                                          [ _fs2ulong.rel ]
/home/andriu/.local/cpctelera/cpctelera/tools/sdcc-3.6.8-r9946/bin/../share/sdcc/lib/z80/z80.lib
                                          [ printf_large.rel ]
/home/andriu/.local/cpctelera/cpctelera/tools/sdcc-3.6.8-r9946/bin/../share/sdcc/lib/z80/z80.lib
                                          [ mul.rel ]
/home/andriu/.local/cpctelera/cpctelera/tools/sdcc-3.6.8-r9946/bin/../share/sdcc/lib/z80/z80.lib
                                          [ __sdcc_call_hl.rel ]
/home/andriu/.local/cpctelera/cpctelera/tools/sdcc-3.6.8-r9946/bin/../share/sdcc/lib/z80/z80.lib
                                          [ strlen.rel ]

ASxxxx Linker V03.00 + NoICE + sdld,  page 5.

User Base Address Definitions

_CODE = 0x4000
_DATA = 0x0000

